FAILED tests\unit\infrastructure\utils\test_ai_optimization_enhanced.py::TestDeepLearningModel::test_build_cnn_model
FAILED tests\unit\infrastructure\utils\test_ai_optimization_enhanced.py::TestDeepLearningModel::test_build_lstm_model
FAILED tests\unit\infrastructure\utils\test_ai_optimization_enhanced.py::TestDeepLearningModel::test_build_model_cpu
FAILED tests\unit\infrastructure\utils\test_ai_optimization_enhanced.py::TestDeepLearningModel::test_build_model_gpu
FAILED tests\unit\infrastructure\utils\test_ai_optimization_enhanced.py::TestDeepLearningModel::test_gpu_detection
FAILED tests\unit\infrastructure\utils\test_ai_optimization_enhanced.py::TestDeepLearningModel::test_initialization
FAILED tests\unit\infrastructure\utils\test_ai_optimization_enhanced.py::TestDeepLearningModel::test_predict_invalid_model
FAILED tests\unit\infrastructure\utils\test_ai_optimization_enhanced.py::TestDeepLearningModel::test_predict_lstm_model
FAILED tests\unit\infrastructure\utils\test_ai_optimization_enhanced.py::TestDeepLearningModel::test_save_load_model
FAILED tests\unit\infrastructure\utils\test_ai_optimization_enhanced.py::TestDeepLearningModel::test_setup_device_cpu
FAILED tests\unit\infrastructure\utils\test_ai_optimization_enhanced.py::TestDeepLearningModel::test_setup_device_gpu
FAILED tests\unit\infrastructure\utils\test_ai_optimization_enhanced.py::TestDeepLearningModel::test_train_invalid_model
FAILED tests\unit\infrastructure\utils\test_ai_optimization_enhanced.py::TestDeepLearningModel::test_train_lstm_model
FAILED tests\unit\infrastructure\utils\test_ai_optimization_enhanced.py::TestFeatureEngineer::test_create_features_categorical
FAILED tests\unit\infrastructure\utils\test_ai_optimization_enhanced.py::TestFeatureEngineer::test_detect_outliers_zscore
FAILED tests\unit\infrastructure\utils\test_ai_optimization_enhanced.py::TestFeatureEngineer::test_get_feature_importance
FAILED tests\unit\infrastructure\utils\test_ai_optimization_enhanced.py::TestFeatureEngineer::test_optimize_features
FAILED tests\unit\infrastructure\utils\test_ai_optimization_enhanced.py::TestIntelligentTestStrategy::test_adapt_strategy_based_on_feedback
FAILED tests\unit\infrastructure\utils\test_ai_optimization_enhanced.py::TestIntelligentTestStrategy::test_analyze_code_complexity
FAILED tests\unit\infrastructure\utils\test_ai_optimization_enhanced.py::TestIntelligentTestStrategy::test_execute_strategy
FAILED tests\unit\infrastructure\utils\test_ai_optimization_enhanced.py::TestIntelligentTestStrategy::test_generate_test_scenarios_complex
FAILED tests\unit\infrastructure\utils\test_ai_optimization_enhanced.py::TestIntelligentTestStrategy::test_generate_test_scenarios_simple
FAILED tests\unit\infrastructure\utils\test_ai_optimization_enhanced.py::TestIntelligentTestStrategy::test_get_performance_report
FAILED tests\unit\infrastructure\utils\test_ai_optimization_enhanced.py::TestIntelligentTestStrategy::test_identify_critical_paths
FAILED tests\unit\infrastructure\utils\test_ai_optimization_enhanced.py::TestIntelligentTestStrategy::test_initialization
FAILED tests\unit\infrastructure\utils\test_ai_optimization_enhanced.py::TestIntelligentTestStrategy::test_prioritize_tests_by_risk
FAILED tests\unit\infrastructure\utils\test_ai_optimization_enhanced.py::TestAIOptimizationIntegration::test_constants_consistency
FAILED tests\unit\infrastructure\utils\test_ai_optimization_enhanced.py::TestAIOptimizationIntegration::test_model_feature_integration
FAILED tests\unit\infrastructure\utils\test_ai_optimization_enhanced.py::TestAIOptimizationIntegration::test_strategy_model_integration
FAILED tests\unit\infrastructure\utils\test_benchmark_framework.py::TestBenchmarkRunner::test_initialization
FAILED tests\unit\infrastructure\utils\test_benchmark_framework.py::TestBenchmarkRunner::test_run_benchmark_no_psutil
FAILED tests\unit\infrastructure\utils\test_benchmark_framework.py::TestBenchmarkRunner::test_run_benchmark_success
FAILED tests\unit\infrastructure\utils\test_benchmark_framework.py::TestBenchmarkRunner::test_run_benchmark_with_custom_function
FAILED tests\unit\infrastructure\utils\test_benchmark_framework.py::TestBenchmarkRunner::test_run_benchmark_with_exception
FAILED tests\unit\infrastructure\utils\test_benchmark_framework.py::TestBenchmarkRunner::test_run_distributed_benchmark
FAILED tests\unit\infrastructure\utils\test_benchmark_framework.py::TestBenchmarkRunner::test_run_parallel_benchmark
FAILED tests\unit\infrastructure\utils\test_benchmark_framework.py::TestBaselineManager::test_add_baseline
FAILED tests\unit\infrastructure\utils\test_benchmark_framework.py::TestBaselineManager::test_add_duplicate_baseline
FAILED tests\unit\infrastructure\utils\test_benchmark_framework.py::TestBaselineManager::test_compare_with_baseline_regression
FAILED tests\unit\infrastructure\utils\test_benchmark_framework.py::TestBaselineManager::test_compare_with_baseline_success
FAILED tests\unit\infrastructure\utils\test_benchmark_framework.py::TestBaselineManager::test_get_baseline
FAILED tests\unit\infrastructure\utils\test_benchmark_framework.py::TestBaselineManager::test_get_nonexistent_baseline
FAILED tests\unit\infrastructure\utils\test_benchmark_framework.py::TestBaselineManager::test_get_performance_summary
FAILED tests\unit\infrastructure\utils\test_benchmark_framework.py::TestBaselineManager::test_initialization
FAILED tests\unit\infrastructure\utils\test_benchmark_framework.py::TestBaselineManager::test_update_baseline_from_result
FAILED tests\unit\infrastructure\utils\test_benchmark_framework.py::TestPerformanceReporter::test_add_baseline
FAILED tests\unit\infrastructure\utils\test_benchmark_framework.py::TestPerformanceReporter::test_add_result
FAILED tests\unit\infrastructure\utils\test_benchmark_framework.py::TestPerformanceReporter::test_generate_csv_report
FAILED tests\unit\infrastructure\utils\test_benchmark_framework.py::TestPerformanceReporter::test_generate_html_report
FAILED tests\unit\infrastructure\utils\test_benchmark_framework.py::TestPerformanceReporter::test_generate_json_report
FAILED tests\unit\infrastructure\utils\test_benchmark_framework.py::TestPerformanceReporter::test_generate_report_with_empty_data
FAILED tests\unit\infrastructure\utils\test_benchmark_framework.py::TestPerformanceReporter::test_get_summary_statistics
FAILED tests\unit\infrastructure\utils\test_benchmark_framework.py::TestPerformanceReporter::test_initialization
FAILED tests\unit\infrastructure\utils\test_benchmark_framework.py::TestPerformanceBenchmarkFramework::test_generate_comprehensive_report
FAILED tests\unit\infrastructure\utils\test_benchmark_framework.py::TestPerformanceBenchmarkFramework::test_get_performance_summary
FAILED tests\unit\infrastructure\utils\test_benchmark_framework.py::TestPerformanceBenchmarkFramework::test_initialization
FAILED tests\unit\infrastructure\utils\test_benchmark_framework.py::TestPerformanceBenchmarkFramework::test_register_duplicate_test
FAILED tests\unit\infrastructure\utils\test_benchmark_framework.py::TestPerformanceBenchmarkFramework::test_register_test
FAILED tests\unit\infrastructure\utils\test_benchmark_framework.py::TestPerformanceBenchmarkFramework::test_run_all_tests
FAILED tests\unit\infrastructure\utils\test_benchmark_framework.py::TestPerformanceBenchmarkFramework::test_run_parallel_tests
FAILED tests\unit\infrastructure\utils\test_benchmark_framework.py::TestPerformanceBenchmarkFramework::test_run_single_test
FAILED tests\unit\infrastructure\utils\test_benchmark_framework.py::TestPerformanceBenchmarkFramework::test_run_single_test_not_found
FAILED tests\unit\infrastructure\utils\test_benchmark_framework.py::TestBenchmarkFrameworkUtilities::test_create_benchmark_framework
FAILED tests\unit\infrastructure\utils\test_benchmark_framework.py::TestBenchmarkFrameworkUtilities::test_get_default_benchmark_framework
FAILED tests\unit\infrastructure\utils\test_data_api.py::TestExceptionHandler::test_create_exception_handler
FAILED tests\unit\infrastructure\utils\test_data_utils.py::TestNormalizeDataFrame::test_normalize_dataframe_mixed_types
FAILED tests\unit\infrastructure\utils\test_data_utils.py::TestDenormalizeData::test_denormalize_data_mismatched_params
FAILED tests\unit\infrastructure\utils\test_date_utils.py::TestLoadTradingCalendar::test_load_trading_calendar_cache
FAILED tests\unit\infrastructure\utils\test_date_utils.py::TestLoadTradingCalendar::test_load_trading_calendar_file_not_found
FAILED tests\unit\infrastructure\utils\test_date_utils.py::TestLoadTradingCalendar::test_load_trading_calendar_invalid_format
FAILED tests\unit\infrastructure\utils\test_date_utils.py::TestLoadTradingCalendar::test_load_trading_calendar_success
FAILED tests\unit\infrastructure\utils\test_date_utils.py::TestIsTradingDay::test_is_trading_day_false
FAILED tests\unit\infrastructure\utils\test_date_utils.py::TestIsTradingDay::test_is_trading_day_none_input
FAILED tests\unit\infrastructure\utils\test_date_utils.py::TestIsTradingDay::test_is_trading_day_true
FAILED tests\unit\infrastructure\utils\test_date_utils.py::TestIsTradingDay::test_is_trading_day_weekend
FAILED tests\unit\infrastructure\utils\test_date_utils.py::TestGetBusinessDate::test_get_business_date_current
FAILED tests\unit\infrastructure\utils\test_date_utils.py::TestDateUtilsIntegration::test_edge_cases_handling
FAILED tests\unit\infrastructure\utils\test_date_utils.py::TestDateUtilsIntegration::test_trading_days_range_calculation
FAILED tests\unit\infrastructure\utils\test_datetime_parser.py::TestDateTimeConstants::test_cache_constants
FAILED tests\unit\infrastructure\utils\test_datetime_parser.py::TestDateTimeConstants::test_time_format_constants
FAILED tests\unit\infrastructure\utils\test_datetime_parser.py::TestDateTimeConstants::test_timezone_constants
FAILED tests\unit\infrastructure\utils\test_datetime_parser.py::TestGetDynamicDates::test_get_dynamic_dates_custom_window
FAILED tests\unit\infrastructure\utils\test_datetime_parser.py::TestGetDynamicDates::test_get_dynamic_dates_default_window
FAILED tests\unit\infrastructure\utils\test_datetime_parser.py::TestGetDynamicDates::test_get_dynamic_dates_zero_window
FAILED tests\unit\infrastructure\utils\test_datetime_parser.py::TestValidateDates::test_validate_dates_edge_cases
FAILED tests\unit\infrastructure\utils\test_datetime_parser.py::TestValidateDates::test_validate_dates_end_before_start
FAILED tests\unit\infrastructure\utils\test_datetime_parser.py::TestValidateDates::test_validate_dates_future_dates
FAILED tests\unit\infrastructure\utils\test_datetime_parser.py::TestValidateDates::test_validate_dates_invalid_end_format
FAILED tests\unit\infrastructure\utils\test_datetime_parser.py::TestValidateDates::test_validate_dates_invalid_start_format
FAILED tests\unit\infrastructure\utils\test_datetime_parser.py::TestValidateDates::test_validate_dates_same_day
FAILED tests\unit\infrastructure\utils\test_datetime_parser.py::TestValidateDates::test_validate_dates_valid_format
FAILED tests\unit\infrastructure\utils\test_datetime_parser.py::TestIsValidDate::test_is_valid_date_invalid_day
FAILED tests\unit\infrastructure\utils\test_datetime_parser.py::TestIsValidDate::test_is_valid_date_invalid_format
FAILED tests\unit\infrastructure\utils\test_datetime_parser.py::TestIsValidDate::test_is_valid_date_invalid_month
FAILED tests\unit\infrastructure\utils\test_datetime_parser.py::TestIsValidDate::test_is_valid_date_valid
FAILED tests\unit\infrastructure\utils\test_datetime_parser.py::TestParseDatetime::test_parse_datetime_invalid_date_format
FAILED tests\unit\infrastructure\utils\test_datetime_parser.py::TestNormalizeDateFormat::test_normalize_date_format_invalid
FAILED tests\unit\infrastructure\utils\test_datetime_parser.py::TestNormalizeDateFormat::test_normalize_date_format_short_year
FAILED tests\unit\infrastructure\utils\test_datetime_parser.py::TestNormalizeDateFormat::test_normalize_date_format_two_digit_year
FAILED tests\unit\infrastructure\utils\test_datetime_parser.py::TestNormalizeDateFormat::test_normalize_date_format_yyyy_mm_dd_variations
FAILED tests\unit\infrastructure\utils\test_datetime_parser.py::TestNormalizeTimeFormat::test_normalize_time_format_hh_mm
FAILED tests\unit\infrastructure\utils\test_datetime_parser.py::TestNormalizeTimeFormat::test_normalize_time_format_hh_mm_ss
FAILED tests\unit\infrastructure\utils\test_datetime_parser.py::TestNormalizeTimeFormat::test_normalize_time_format_hhmm
FAILED tests\unit\infrastructure\utils\test_datetime_parser.py::TestNormalizeTimeFormat::test_normalize_time_format_hhmmss
FAILED tests\unit\infrastructure\utils\test_datetime_parser.py::TestNormalizeTimeFormat::test_normalize_time_format_single_digits
FAILED tests\unit\infrastructure\utils\test_datetime_parser.py::TestCompleteTimeParts::test_complete_time_parts_empty
FAILED tests\unit\infrastructure\utils\test_datetime_parser.py::TestCompleteTimeParts::test_complete_time_parts_hhmm_compact
FAILED tests\unit\infrastructure\utils\test_datetime_parser.py::TestCompleteTimeParts::test_complete_time_parts_hhmmss_compact
FAILED tests\unit\infrastructure\utils\test_datetime_parser.py::TestDatetimeParserIntegration::test_datetime_operations_consistency
FAILED tests\unit\infrastructure\utils\test_datetime_parser.py::TestDatetimeParserIntegration::test_dynamic_dates_integration
FAILED tests\unit\infrastructure\utils\test_datetime_parser.py::TestDatetimeParserIntegration::test_end_to_end_parsing
FAILED tests\unit\infrastructure\utils\test_datetime_parser.py::TestDatetimeParserIntegration::test_error_handling_robustness
FAILED tests\unit\infrastructure\utils\test_datetime_parser.py::TestDatetimeParserIntegration::test_format_normalization_comprehensive
FAILED tests\unit\infrastructure\utils\test_final_breakthrough_50.py::TestAdaptersRemainingEdgeCases::test_influxdb_error_handling_paths
FAILED tests\unit\infrastructure\utils\test_final_breakthrough_50.py::TestAdaptersRemainingEdgeCases::test_postgresql_error_handling_paths
FAILED tests\unit\infrastructure\utils\test_final_breakthrough_50.py::TestAdaptersRemainingEdgeCases::test_redis_error_handling_paths
FAILED tests\unit\infrastructure\utils\test_final_breakthrough_50.py::TestAdaptersRemainingEdgeCases::test_sqlite_error_handling_paths
FAILED tests\unit\infrastructure\utils\test_final_breakthrough_50.py::TestAdaptersNotConnectedPaths::test_influxdb_not_connected_operations
FAILED tests\unit\infrastructure\utils\test_final_breakthrough_50.py::TestAdaptersNotConnectedPaths::test_postgresql_not_connected_operations
FAILED tests\unit\infrastructure\utils\test_final_breakthrough_50.py::TestAdaptersNotConnectedPaths::test_redis_not_connected_operations
FAILED tests\unit\infrastructure\utils\test_final_breakthrough_50.py::TestAdaptersNotConnectedPaths::test_sqlite_not_connected_operations
FAILED tests\unit\infrastructure\utils\test_last_mile_champion.py::TestAdaptersExceptionPaths::test_postgresql_query_exception_handling
FAILED tests\unit\infrastructure\utils\test_last_mile_champion.py::TestDateTimeParserRemainingPaths::test_parse_datetime_with_empty_dataframe
FAILED tests\unit\infrastructure\utils\test_last_mile_champion.py::TestDateTimeParserRemainingPaths::test_parse_datetime_with_single_value
FAILED tests\unit\infrastructure\utils\test_log_backpressure_plugin.py::TestBackpressureHandlerPlugin::test_handle_log_success
FAILED tests\unit\infrastructure\utils\test_logger.py::TestLoggerIntegration::test_error_handling_robustness
FAILED tests\unit\infrastructure\utils\test_logger.py::TestLoggerIntegration::test_logger_output_capture
FAILED tests\unit\infrastructure\utils\test_logger.py::TestLoggerIntegration::test_logger_performance
FAILED tests\unit\infrastructure\utils\test_logger.py::TestLoggerIntegration::test_logger_thread_safety
FAILED tests\unit\infrastructure\utils\test_memory_object_pool.py::TestMemoryPoolConstants::test_memory_constants
FAILED tests\unit\infrastructure\utils\test_memory_object_pool.py::TestMemoryPoolConstants::test_monitoring_constants
FAILED tests\unit\infrastructure\utils\test_memory_object_pool.py::TestMemoryPoolConstants::test_performance_constants
FAILED tests\unit\infrastructure\utils\test_memory_object_pool.py::TestMemoryPoolConstants::test_pool_size_constants
FAILED tests\unit\infrastructure\utils\test_memory_object_pool.py::TestObjectPoolMetrics::test_get_hit_rate
FAILED tests\unit\infrastructure\utils\test_memory_object_pool.py::TestObjectPoolMetrics::test_get_reuse_rate
FAILED tests\unit\infrastructure\utils\test_memory_object_pool.py::TestObjectPoolMetrics::test_get_stats
FAILED tests\unit\infrastructure\utils\test_memory_object_pool.py::TestObjectPoolMetrics::test_record_object_created
FAILED tests\unit\infrastructure\utils\test_memory_object_pool.py::TestObjectPoolMetrics::test_record_object_destroyed
FAILED tests\unit\infrastructure\utils\test_memory_object_pool.py::TestObjectPoolMetrics::test_record_object_reused
FAILED tests\unit\infrastructure\utils\test_memory_object_pool.py::TestObjectPoolMetrics::test_record_pool_hit
FAILED tests\unit\infrastructure\utils\test_memory_object_pool.py::TestObjectPoolMetrics::test_record_pool_miss
FAILED tests\unit\infrastructure\utils\test_memory_object_pool.py::TestObjectPoolMetrics::test_reset
FAILED tests\unit\infrastructure\utils\test_memory_object_pool.py::TestGenericObjectPool::test_acquire_object_max_size
FAILED tests\unit\infrastructure\utils\test_memory_object_pool.py::TestGenericObjectPool::test_acquire_object_new
FAILED tests\unit\infrastructure\utils\test_memory_object_pool.py::TestGenericObjectPool::test_acquire_object_reuse
FAILED tests\unit\infrastructure\utils\test_memory_object_pool.py::TestGenericObjectPool::test_clear_pool
FAILED tests\unit\infrastructure\utils\test_memory_object_pool.py::TestGenericObjectPool::test_get_available_count
FAILED tests\unit\infrastructure\utils\test_memory_object_pool.py::TestGenericObjectPool::test_get_metrics
FAILED tests\unit\infrastructure\utils\test_memory_object_pool.py::TestGenericObjectPool::test_get_pool_size
FAILED tests\unit\infrastructure\utils\test_memory_object_pool.py::TestGenericObjectPool::test_initialization
FAILED tests\unit\infrastructure\utils\test_memory_object_pool.py::TestGenericObjectPool::test_is_healthy
FAILED tests\unit\infrastructure\utils\test_memory_object_pool.py::TestGenericObjectPool::test_release_invalid_object
FAILED tests\unit\infrastructure\utils\test_memory_object_pool.py::TestGenericObjectPool::test_release_object
FAILED tests\unit\infrastructure\utils\test_memory_object_pool.py::TestPooledObjectWrapper::test_access_object
FAILED tests\unit\infrastructure\utils\test_memory_object_pool.py::TestPooledObjectWrapper::test_destroy
FAILED tests\unit\infrastructure\utils\test_memory_object_pool.py::TestPooledObjectWrapper::test_get_age
FAILED tests\unit\infrastructure\utils\test_memory_object_pool.py::TestPooledObjectWrapper::test_get_idle_time
FAILED tests\unit\infrastructure\utils\test_memory_object_pool.py::TestPooledObjectWrapper::test_initialization
FAILED tests\unit\infrastructure\utils\test_memory_object_pool.py::TestPooledObjectWrapper::test_is_expired
FAILED tests\unit\infrastructure\utils\test_memory_object_pool.py::TestPooledObjectWrapper::test_update_access_time
FAILED tests\unit\infrastructure\utils\test_memory_object_pool.py::TestDataProcessorPool::test_acquire_processor
FAILED tests\unit\infrastructure\utils\test_memory_object_pool.py::TestDataProcessorPool::test_get_processor_stats
FAILED tests\unit\infrastructure\utils\test_memory_object_pool.py::TestDataProcessorPool::test_initialization
FAILED tests\unit\infrastructure\utils\test_memory_object_pool.py::TestDataProcessorPool::test_optimize_pool
FAILED tests\unit\infrastructure\utils\test_memory_object_pool.py::TestDataProcessorPool::test_release_processor
FAILED tests\unit\infrastructure\utils\test_memory_object_pool.py::TestMarketDataPool::test_clear_old_data
FAILED tests\unit\infrastructure\utils\test_memory_object_pool.py::TestMarketDataPool::test_get_cache_stats
FAILED tests\unit\infrastructure\utils\test_memory_object_pool.py::TestMarketDataPool::test_get_market_data
FAILED tests\unit\infrastructure\utils\test_memory_object_pool.py::TestMarketDataPool::test_get_market_data_not_found
FAILED tests\unit\infrastructure\utils\test_memory_object_pool.py::TestMarketDataPool::test_initialization
FAILED tests\unit\infrastructure\utils\test_memory_object_pool.py::TestMarketDataPool::test_store_market_data
FAILED tests\unit\infrastructure\utils\test_memory_object_pool.py::TestMemoryOptimizationManager::test_get_memory_stats
FAILED tests\unit\infrastructure\utils\test_memory_object_pool.py::TestMemoryOptimizationManager::test_get_pool
FAILED tests\unit\infrastructure\utils\test_memory_object_pool.py::TestMemoryOptimizationManager::test_get_pool_not_found
FAILED tests\unit\infrastructure\utils\test_memory_object_pool.py::TestMemoryOptimizationManager::test_initialization
FAILED tests\unit\infrastructure\utils\test_memory_object_pool.py::TestMemoryOptimizationManager::test_optimize_memory
FAILED tests\unit\infrastructure\utils\test_memory_object_pool.py::TestMemoryOptimizationManager::test_perform_garbage_collection
FAILED tests\unit\infrastructure\utils\test_memory_object_pool.py::TestMemoryOptimizationManager::test_register_pool
FAILED tests\unit\infrastructure\utils\test_memory_object_pool.py::TestMemoryOptimizationManager::test_start_optimization
FAILED tests\unit\infrastructure\utils\test_memory_object_pool.py::TestMemoryOptimizationManager::test_stop_optimization
FAILED tests\unit\infrastructure\utils\test_memory_object_pool.py::TestMemoryOptimizationManager::test_unregister_pool
FAILED tests\unit\infrastructure\utils\test_memory_object_pool.py::TestPerformanceTest::test_calculate_performance_comparison
FAILED tests\unit\infrastructure\utils\test_memory_object_pool.py::TestPerformanceTest::test_performance_test
FAILED tests\unit\infrastructure\utils\test_memory_object_pool.py::TestMemoryPoolIntegration::test_complete_pool_workflow
FAILED tests\unit\infrastructure\utils\test_memory_object_pool.py::TestMemoryPoolIntegration::test_edge_cases
FAILED tests\unit\infrastructure\utils\test_memory_object_pool.py::TestMemoryPoolIntegration::test_error_recovery
FAILED tests\unit\infrastructure\utils\test_memory_object_pool.py::TestMemoryPoolIntegration::test_health_monitoring
FAILED tests\unit\infrastructure\utils\test_memory_object_pool.py::TestMemoryPoolIntegration::test_memory_pressure_handling
FAILED tests\unit\infrastructure\utils\test_memory_object_pool.py::TestMemoryPoolIntegration::test_multi_pool_management
FAILED tests\unit\infrastructure\utils\test_memory_object_pool.py::TestMemoryPoolIntegration::test_performance_monitoring
FAILED tests\unit\infrastructure\utils\test_memory_object_pool.py::TestMemoryPoolIntegration::test_resource_cleanup
FAILED tests\unit\infrastructure\utils\test_memory_object_pool.py::TestMemoryPoolIntegration::test_thread_safety
FAILED tests\unit\infrastructure\utils\test_persistent_march_50.py::TestAdaptersResultProcessing::test_postgresql_result_processing_paths
FAILED tests\unit\infrastructure\utils\test_persistent_push_50.py::TestAdaptersBatchOperationsComplete::test_postgresql_batch_operations_all_sizes
FAILED tests\unit\infrastructure\utils\test_postgresql_adapter.py::TestPostgreSQLAdapter::test_adapter_error_handling
FAILED tests\unit\infrastructure\utils\test_postgresql_adapter.py::TestPostgreSQLAdapter::test_batch_write_failure
FAILED tests\unit\infrastructure\utils\test_postgresql_adapter.py::TestPostgreSQLAdapter::test_batch_write_success
FAILED tests\unit\infrastructure\utils\test_postgresql_adapter.py::TestPostgreSQLAdapter::test_connect_failure
FAILED tests\unit\infrastructure\utils\test_postgresql_adapter.py::TestPostgreSQLAdapter::test_connect_success
FAILED tests\unit\infrastructure\utils\test_postgresql_adapter.py::TestPostgreSQLAdapter::test_connection_retry_logic
FAILED tests\unit\infrastructure\utils\test_postgresql_adapter.py::TestPostgreSQLAdapter::test_connection_status_connected
FAILED tests\unit\infrastructure\utils\test_postgresql_adapter.py::TestPostgreSQLAdapter::test_disconnect
FAILED tests\unit\infrastructure\utils\test_postgresql_adapter.py::TestPostgreSQLAdapter::test_execute_query_failure
FAILED tests\unit\infrastructure\utils\test_postgresql_adapter.py::TestPostgreSQLAdapter::test_execute_query_success
FAILED tests\unit\infrastructure\utils\test_postgresql_adapter.py::TestPostgreSQLAdapter::test_execute_query_with_params
FAILED tests\unit\infrastructure\utils\test_postgresql_adapter.py::TestPostgreSQLAdapter::test_execute_write_failure
FAILED tests\unit\infrastructure\utils\test_postgresql_adapter.py::TestPostgreSQLAdapter::test_execute_write_success
FAILED tests\unit\infrastructure\utils\test_postgresql_adapter.py::TestPostgreSQLAdapter::test_execute_write_with_params
FAILED tests\unit\infrastructure\utils\test_postgresql_adapter.py::TestPostgreSQLAdapter::test_get_connection_info
FAILED tests\unit\infrastructure\utils\test_postgresql_adapter.py::TestPostgreSQLAdapter::test_get_connection_info_no_connection
FAILED tests\unit\infrastructure\utils\test_postgresql_adapter.py::TestPostgreSQLAdapter::test_health_check_failure
FAILED tests\unit\infrastructure\utils\test_postgresql_adapter.py::TestPostgreSQLAdapter::test_health_check_success
FAILED tests\unit\infrastructure\utils\test_postgresql_adapter.py::TestPostgreSQLAdapterIntegration::test_adapter_initial_state
FAILED tests\unit\infrastructure\utils\test_postgresql_adapter.py::TestPostgreSQLAdapterIntegration::test_connection_info_structure
FAILED tests\unit\infrastructure\utils\test_postgresql_adapter.py::TestPostgreSQLAdapterIntegration::test_error_response_structure
FAILED tests\unit\infrastructure\utils\test_postgresql_adapter_extended.py::TestPostgreSQLAdapterExtended::test_batch_write_multiple_operations
FAILED tests\unit\infrastructure\utils\test_postgresql_adapter_extended.py::TestPostgreSQLAdapterExtended::test_batch_write_rollback_on_error
FAILED tests\unit\infrastructure\utils\test_postgresql_adapter_extended.py::TestPostgreSQLAdapterExtended::test_batch_write_with_transaction
FAILED tests\unit\infrastructure\utils\test_postgresql_adapter_extended.py::TestPostgreSQLAdapterExtended::test_concurrent_operations
FAILED tests\unit\infrastructure\utils\test_postgresql_adapter_extended.py::TestPostgreSQLAdapterExtended::test_connection_status_after_connect
FAILED tests\unit\infrastructure\utils\test_postgresql_adapter_extended.py::TestPostgreSQLAdapterExtended::test_execute_query_with_complex_params
FAILED tests\unit\infrastructure\utils\test_postgresql_adapter_extended.py::TestPostgreSQLAdapterExtended::test_execute_write_delete_operation
FAILED tests\unit\infrastructure\utils\test_postgresql_adapter_extended.py::TestPostgreSQLAdapterExtended::test_execute_write_update_operation
FAILED tests\unit\infrastructure\utils\test_postgresql_adapter_extended.py::TestPostgreSQLAdapterExtended::test_get_connection_info
FAILED tests\unit\infrastructure\utils\test_postgresql_adapter_extended.py::TestPostgreSQLAdapterExtended::test_health_check_when_connected
FAILED tests\unit\infrastructure\utils\test_postgresql_adapter_extended.py::TestPostgreSQLAdapterExtended::test_query_with_empty_result
FAILED tests\unit\infrastructure\utils\test_postgresql_adapter_extended.py::TestPostgreSQLAdapterExtended::test_reconnect_after_disconnect
FAILED tests\unit\infrastructure\utils\test_postgresql_adapter_extended.py::TestPostgreSQLAdapterExtended::test_write_with_large_batch
FAILED tests\unit\infrastructure\utils\test_postgresql_components.py::TestPostgreSQLConnectionManager::test_connect_failure
FAILED tests\unit\infrastructure\utils\test_postgresql_components.py::TestPostgreSQLConnectionManager::test_connect_success
FAILED tests\unit\infrastructure\utils\test_postgresql_components.py::TestPostgreSQLConnectionManager::test_disconnect
FAILED tests\unit\infrastructure\utils\test_postgresql_components.py::TestPostgreSQLQueryExecutor::test_execute_query_no_client
FAILED tests\unit\infrastructure\utils\test_postgresql_components.py::TestPostgreSQLQueryExecutor::test_execute_query_with_mock_client
FAILED tests\unit\infrastructure\utils\test_postgresql_components.py::TestPostgreSQLWriteManager::test_execute_write_no_client
FAILED tests\unit\infrastructure\utils\test_postgresql_components.py::TestPostgreSQLWriteManager::test_execute_write_unsupported_operation
FAILED tests\unit\infrastructure\utils\test_postgresql_components.py::TestPostgreSQLComponentsIntegration::test_components_work_together
FAILED tests\unit\infrastructure\utils\test_precision_50_breakthrough.py::TestAdaptersPrecisionCoverage::test_postgresql_precision_paths
FAILED tests\unit\infrastructure\utils\test_query_validator_basic.py::TestQueryValidator::test_validate_request_none
FAILED tests\unit\infrastructure\utils\test_query_validator_basic.py::TestQueryValidator::test_validate_requests_empty_list
FAILED tests\unit\infrastructure\utils\test_query_validator_basic.py::TestQueryValidator::test_validate_requests_valid_list
FAILED tests\unit\infrastructure\utils\test_query_validator_basic.py::TestQueryValidatorIntegration::test_multiple_validations
FAILED tests\unit\infrastructure\utils\test_redis_adapter.py::TestRedisAdapter::test_connect_failure
FAILED tests\unit\infrastructure\utils\test_redis_adapter.py::TestRedisAdapter::test_disconnect
FAILED tests\unit\infrastructure\utils\test_redis_adapter.py::TestRedisAdapter::test_error_handling_and_retry
FAILED tests\unit\infrastructure\utils\test_redis_adapter.py::TestRedisAdapter::test_execute_query_complex_operations
FAILED tests\unit\infrastructure\utils\test_redis_adapter.py::TestRedisAdapter::test_execute_query_get_success
FAILED tests\unit\infrastructure\utils\test_redis_adapter.py::TestRedisAdapter::test_execute_query_invalid_command
FAILED tests\unit\infrastructure\utils\test_redis_adapter.py::TestRedisAdapter::test_execute_query_no_connection
FAILED tests\unit\infrastructure\utils\test_redis_adapter.py::TestRedisAdapter::test_execute_query_set_success
FAILED tests\unit\infrastructure\utils\test_redis_adapter.py::TestRedisAdapter::test_execute_write_complex_operations
FAILED tests\unit\infrastructure\utils\test_redis_adapter.py::TestRedisAdapter::test_execute_write_failure
FAILED tests\unit\infrastructure\utils\test_redis_adapter.py::TestRedisAdapter::test_execute_write_success
FAILED tests\unit\infrastructure\utils\test_redis_adapter.py::TestRedisAdapter::test_get_connection_info
FAILED tests\unit\infrastructure\utils\test_redis_adapter.py::TestRedisAdapter::test_get_connection_info_no_connection
FAILED tests\unit\infrastructure\utils\test_redis_adapter.py::TestRedisAdapter::test_health_check_failure
FAILED tests\unit\infrastructure\utils\test_redis_adapter.py::TestRedisAdapter::test_health_check_success
FAILED tests\unit\infrastructure\utils\test_redis_adapter.py::TestRedisAdapter::test_parameter_validation
FAILED tests\unit\infrastructure\utils\test_redis_adapter.py::TestRedisAdapter::test_write_batch_failure
FAILED tests\unit\infrastructure\utils\test_redis_adapter.py::TestRedisAdapter::test_write_batch_success
FAILED tests\unit\infrastructure\utils\test_redis_adapter.py::TestRedisAdapterIntegration::test_connection_info_structure
FAILED tests\unit\infrastructure\utils\test_redis_adapter.py::TestRedisAdapterIntegration::test_error_response_structure
FAILED tests\unit\infrastructure\utils\test_relentless_march_50.py::TestAdaptersQueryResultProcessing::test_postgresql_query_result_processing
FAILED tests\unit\infrastructure\utils\test_relentless_push_50.py::TestAdaptersAllConditionBranches::test_postgresql_all_condition_branches
FAILED tests\unit\infrastructure\utils\test_report_generator.py::TestReportGeneratorConstants::test_data_constants
FAILED tests\unit\infrastructure\utils\test_report_generator.py::TestReportGeneratorConstants::test_file_constants
FAILED tests\unit\infrastructure\utils\test_report_generator.py::TestReportGeneratorConstants::test_time_constants
FAILED tests\unit\infrastructure\utils\test_report_generator.py::TestReportGeneratorConstants::test_validation_constants
FAILED tests\unit\infrastructure\utils\test_report_generator.py::TestComplianceReportGenerator::test_cleanup_old_reports
FAILED tests\unit\infrastructure\utils\test_report_generator.py::TestComplianceReportGenerator::test_compress_report_data
FAILED tests\unit\infrastructure\utils\test_report_generator.py::TestComplianceReportGenerator::test_data_source_connectivity_check
FAILED tests\unit\infrastructure\utils\test_report_generator.py::TestComplianceReportGenerator::test_decompress_report_data
FAILED tests\unit\infrastructure\utils\test_report_generator.py::TestComplianceReportGenerator::test_generate_compliance_alerts
FAILED tests\unit\infrastructure\utils\test_report_generator.py::TestComplianceReportGenerator::test_generate_daily_report
FAILED tests\unit\infrastructure\utils\test_report_generator.py::TestComplianceReportGenerator::test_generate_exception_report
FAILED tests\unit\infrastructure\utils\test_report_generator.py::TestComplianceReportGenerator::test_generate_monthly_report
FAILED tests\unit\infrastructure\utils\test_report_generator.py::TestComplianceReportGenerator::test_generate_report_id
FAILED tests\unit\infrastructure\utils\test_report_generator.py::TestComplianceReportGenerator::test_generate_weekly_report
FAILED tests\unit\infrastructure\utils\test_report_generator.py::TestComplianceReportGenerator::test_get_report_template
FAILED tests\unit\infrastructure\utils\test_report_generator.py::TestComplianceReportGenerator::test_initialization
FAILED tests\unit\infrastructure\utils\test_report_generator.py::TestComplianceReportGenerator::test_monitor_report_generation
FAILED tests\unit\infrastructure\utils\test_report_generator.py::TestComplianceReportGenerator::test_save_report
FAILED tests\unit\infrastructure\utils\test_report_generator.py::TestComplianceReportGenerator::test_schedule_report_generation
FAILED tests\unit\infrastructure\utils\test_report_generator.py::TestComplianceReportGenerator::test_validate_report_data
FAILED tests\unit\infrastructure\utils\test_report_generator.py::TestReportGeneratorIntegration::test_concurrent_report_generation
FAILED tests\unit\infrastructure\utils\test_report_generator.py::TestReportGeneratorIntegration::test_end_to_end_daily_report_generation
FAILED tests\unit\infrastructure\utils\test_report_generator.py::TestReportGeneratorIntegration::test_performance_monitoring_integration
FAILED tests\unit\infrastructure\utils\test_report_generator.py::TestReportGeneratorIntegration::test_report_template_consistency
FAILED tests\unit\infrastructure\utils\test_report_generator.py::TestReportGeneratorIntegration::test_report_validation_pipeline
FAILED tests\unit\infrastructure\utils\test_report_generator.py::TestReportGeneratorIntegration::test_resource_management
FAILED tests\unit\infrastructure\utils\test_security_utils.py::TestSecurityConstants::test_encryption_constants
FAILED tests\unit\infrastructure\utils\test_security_utils.py::TestSecurityConstants::test_password_constants
FAILED tests\unit\infrastructure\utils\test_security_utils.py::TestSecurityConstants::test_token_constants
FAILED tests\unit\infrastructure\utils\test_security_utils.py::TestSecurityUtils::test_check_rate_limit
FAILED tests\unit\infrastructure\utils\test_security_utils.py::TestSecurityUtils::test_check_rate_limit_different_actions
FAILED tests\unit\infrastructure\utils\test_security_utils.py::TestSecurityUtils::test_encrypt_decrypt_data
FAILED tests\unit\infrastructure\utils\test_security_utils.py::TestSecurityUtils::test_encrypt_decrypt_data_wrong_key
FAILED tests\unit\infrastructure\utils\test_security_utils.py::TestSecurityUtils::test_generate_backup_codes
FAILED tests\unit\infrastructure\utils\test_security_utils.py::TestSecurityUtils::test_generate_backup_codes_custom_count
FAILED tests\unit\infrastructure\utils\test_security_utils.py::TestSecurityUtils::test_generate_salt
FAILED tests\unit\infrastructure\utils\test_security_utils.py::TestSecurityUtils::test_generate_token
FAILED tests\unit\infrastructure\utils\test_security_utils.py::TestSecurityUtils::test_generate_token_custom_length
FAILED tests\unit\infrastructure\utils\test_security_utils.py::TestSecurityUtils::test_log_security_event
FAILED tests\unit\infrastructure\utils\test_security_utils.py::TestSecurityUtils::test_sanitize_input_basic
FAILED tests\unit\infrastructure\utils\test_security_utils.py::TestSecurityUtils::test_sanitize_input_xss
FAILED tests\unit\infrastructure\utils\test_security_utils.py::TestSecurityUtils::test_validate_backup_code
FAILED tests\unit\infrastructure\utils\test_security_utils.py::TestSecurityUtils::test_validate_password_strength_requirements
FAILED tests\unit\infrastructure\utils\test_security_utils.py::TestSecurityUtils::test_validate_password_strength_strong
FAILED tests\unit\infrastructure\utils\test_security_utils.py::TestSecurityUtils::test_validate_password_strength_weak
FAILED tests\unit\infrastructure\utils\test_security_utils.py::TestSecurityUtils::test_validate_token_format
FAILED tests\unit\infrastructure\utils\test_security_utils.py::TestSecurityUtilsIntegration::test_backup_codes_workflow
FAILED tests\unit\infrastructure\utils\test_security_utils.py::TestSecurityUtilsIntegration::test_complete_password_workflow
FAILED tests\unit\infrastructure\utils\test_security_utils.py::TestSecurityUtilsIntegration::test_error_handling_robustness
FAILED tests\unit\infrastructure\utils\test_security_utils.py::TestSecurityUtilsIntegration::test_input_sanitization_comprehensive
FAILED tests\unit\infrastructure\utils\test_security_utils.py::TestSecurityUtilsIntegration::test_performance_characteristics
FAILED tests\unit\infrastructure\utils\test_security_utils.py::TestSecurityUtilsIntegration::test_rate_limiting_integration
FAILED tests\unit\infrastructure\utils\test_security_utils.py::TestSecurityUtilsIntegration::test_security_event_monitoring
FAILED tests\unit\infrastructure\utils\test_security_utils.py::TestSecurityUtilsIntegration::test_security_hardening_measures
FAILED tests\unit\infrastructure\utils\test_security_utils.py::TestSecurityUtilsIntegration::test_token_lifecycle
FAILED tests\unit\infrastructure\utils\test_smart_cache_optimizer.py::TestCacheConstants::test_adaptive_constants
FAILED tests\unit\infrastructure\utils\test_smart_cache_optimizer.py::TestCacheConstants::test_performance_constants
FAILED tests\unit\infrastructure\utils\test_smart_cache_optimizer.py::TestCacheMetrics::test_get_stats
FAILED tests\unit\infrastructure\utils\test_smart_cache_optimizer.py::TestCacheMetrics::test_update_metrics
FAILED tests\unit\infrastructure\utils\test_smart_cache_optimizer.py::TestCacheEntry::test_access
FAILED tests\unit\infrastructure\utils\test_smart_cache_optimizer.py::TestCacheEntry::test_initialization
FAILED tests\unit\infrastructure\utils\test_smart_cache_optimizer.py::TestCacheEntry::test_is_expired_not_expired
FAILED tests\unit\infrastructure\utils\test_smart_cache_optimizer.py::TestCacheEntry::test_to_dict
FAILED tests\unit\infrastructure\utils\test_smart_cache_optimizer.py::TestSmartCache::test_clear
FAILED tests\unit\infrastructure\utils\test_smart_cache_optimizer.py::TestSmartCache::test_delete
FAILED tests\unit\infrastructure\utils\test_smart_cache_optimizer.py::TestSmartCache::test_evict_least_valuable
FAILED tests\unit\infrastructure\utils\test_smart_cache_optimizer.py::TestSmartCache::test_exists
FAILED tests\unit\infrastructure\utils\test_smart_cache_optimizer.py::TestSmartCache::test_get_stats
FAILED tests\unit\infrastructure\utils\test_smart_cache_optimizer.py::TestSmartCache::test_initialization
FAILED tests\unit\infrastructure\utils\test_smart_cache_optimizer.py::TestSmartCache::test_performance_test_multi_level
FAILED tests\unit\infrastructure\utils\test_smart_cache_optimizer.py::TestSmartCache::test_performance_test_single_level
FAILED tests\unit\infrastructure\utils\test_smart_cache_optimizer.py::TestSmartCache::test_size_and_capacity
FAILED tests\unit\infrastructure\utils\test_smart_cache_optimizer.py::TestMultiLevelCache::test_access_pattern_analysis
FAILED tests\unit\infrastructure\utils\test_smart_cache_optimizer.py::TestMultiLevelCache::test_clear_all_levels
FAILED tests\unit\infrastructure\utils\test_smart_cache_optimizer.py::TestMultiLevelCache::test_eviction_policy
FAILED tests\unit\infrastructure\utils\test_smart_cache_optimizer.py::TestMultiLevelCache::test_get_stats_multi_level
FAILED tests\unit\infrastructure\utils\test_smart_cache_optimizer.py::TestMultiLevelCache::test_hot_data_preheating
FAILED tests\unit\infrastructure\utils\test_smart_cache_optimizer.py::TestMultiLevelCache::test_initialization
FAILED tests\unit\infrastructure\utils\test_smart_cache_optimizer.py::TestMultiLevelCache::test_intelligent_optimization
FAILED tests\unit\infrastructure\utils\test_smart_cache_optimizer.py::TestMultiLevelCache::test_promotion_from_l2_to_l1
FAILED tests\unit\infrastructure\utils\test_smart_cache_optimizer.py::TestSmartCacheIntegration::test_cache_performance_comparison
FAILED tests\unit\infrastructure\utils\test_smart_cache_optimizer.py::TestSmartCacheIntegration::test_cache_persistence_simulation
FAILED tests\unit\infrastructure\utils\test_smart_cache_optimizer.py::TestSmartCacheIntegration::test_memory_efficiency
FAILED tests\unit\infrastructure\utils\test_steadfast_50_march.py::TestAdaptersHelperMethods::test_postgresql_helper_methods
FAILED tests\unit\infrastructure\utils\test_supreme_effort_50.py::TestMegaAdapterCoverage::test_postgresql_mega_coverage_round_33_40
FAILED tests\unit\infrastructure\utils\test_ultimate_50_breakthrough.py::TestAllAdaptersCompleteCoverage::test_postgresql_all_query_paths
FAILED tests\unit\infrastructure\utils\test_ultimate_50_breakthrough.py::TestErrorHandlingCompleteCoverage::test_postgresql_error_handling_all_cases
FAILED tests\unit\infrastructure\utils\test_ultimate_50_push.py::TestDisasterTesterBasics::test_disaster_tester_init_basic
FAILED tests\unit\infrastructure\utils\test_ultimate_victory_50.py::TestAdaptersAllPossiblePaths::test_postgresql_all_possible_paths
FAILED tests\unit\infrastructure\utils\test_ultra_boost_coverage.py::TestPostgreSQLAdapterMethods::test_connection_info_details
FAILED tests\unit\infrastructure\utils\test_ultra_boost_coverage.py::TestPostgreSQLAdapterMethods::test_health_check_details
FAILED tests\unit\infrastructure\utils\test_unified_query.py::TestUnifiedQueryConstants::test_retry_constants
FAILED tests\unit\infrastructure\utils\test_unified_query.py::TestQueryType::test_query_type_members
FAILED tests\unit\infrastructure\utils\test_unified_query.py::TestQueryType::test_query_type_values
FAILED tests\unit\infrastructure\utils\test_unified_query.py::TestStorageType::test_storage_type_members
FAILED tests\unit\infrastructure\utils\test_unified_query.py::TestStorageType::test_storage_type_values
FAILED tests\unit\infrastructure\utils\test_unified_query.py::TestQueryRequest::test_default_initialization
FAILED tests\unit\infrastructure\utils\test_unified_query.py::TestQueryRequest::test_initialization
FAILED tests\unit\infrastructure\utils\test_unified_query.py::TestQueryRequest::test_request_id_uniqueness
FAILED tests\unit\infrastructure\utils\test_unified_query.py::TestQueryRequest::test_to_dict
FAILED tests\unit\infrastructure\utils\test_unified_query.py::TestQueryResult::test_initialization_failure
FAILED tests\unit\infrastructure\utils\test_unified_query.py::TestQueryResult::test_initialization_success
FAILED tests\unit\infrastructure\utils\test_unified_query.py::TestQueryResult::test_to_dict_failure
FAILED tests\unit\infrastructure\utils\test_unified_query.py::TestQueryResult::test_to_dict_success
FAILED tests\unit\infrastructure\utils\test_unified_query.py::TestUnifiedQueryInterface::test_clear_cache
FAILED tests\unit\infrastructure\utils\test_unified_query.py::TestUnifiedQueryInterface::test_execute_query_adapter_not_found
FAILED tests\unit\infrastructure\utils\test_unified_query.py::TestUnifiedQueryInterface::test_execute_query_invalid_request
FAILED tests\unit\infrastructure\utils\test_unified_query.py::TestUnifiedQueryInterface::test_execute_query_success
FAILED tests\unit\infrastructure\utils\test_unified_query.py::TestUnifiedQueryInterface::test_execute_query_with_timeout
FAILED tests\unit\infrastructure\utils\test_unified_query.py::TestUnifiedQueryInterface::test_get_query_stats
FAILED tests\unit\infrastructure\utils\test_unified_query.py::TestUnifiedQueryInterface::test_get_registered_adapters
FAILED tests\unit\infrastructure\utils\test_unified_query.py::TestUnifiedQueryInterface::test_get_supported_query_types
FAILED tests\unit\infrastructure\utils\test_unified_query.py::TestUnifiedQueryInterface::test_get_supported_storage_types
FAILED tests\unit\infrastructure\utils\test_unified_query.py::TestUnifiedQueryInterface::test_health_check
FAILED tests\unit\infrastructure\utils\test_unified_query.py::TestUnifiedQueryInterface::test_initialization
FAILED tests\unit\infrastructure\utils\test_unified_query.py::TestUnifiedQueryInterface::test_query_data_async
FAILED tests\unit\infrastructure\utils\test_unified_query.py::TestUnifiedQueryInterface::test_query_data_invalid_request
FAILED tests\unit\infrastructure\utils\test_unified_query.py::TestUnifiedQueryInterface::test_query_data_synchronous
FAILED tests\unit\infrastructure\utils\test_unified_query.py::TestUnifiedQueryInterface::test_query_multiple_data_sync
FAILED tests\unit\infrastructure\utils\test_unified_query.py::TestUnifiedQueryInterface::test_query_realtime_data
FAILED tests\unit\infrastructure\utils\test_unified_query.py::TestUnifiedQueryInterface::test_register_adapter
FAILED tests\unit\infrastructure\utils\test_unified_query.py::TestUnifiedQueryInterface::test_shutdown
FAILED tests\unit\infrastructure\utils\test_unified_query.py::TestUnifiedQueryInterface::test_unregister_adapter
FAILED tests\unit\infrastructure\utils\test_unified_query.py::TestUnifiedQueryInterface::test_validate_query_request
FAILED tests\unit\infrastructure\utils\test_unified_query.py::TestUnifiedQueryIntegration::test_cache_performance
FAILED tests\unit\infrastructure\utils\test_unified_query.py::TestUnifiedQueryIntegration::test_complete_query_workflow
FAILED tests\unit\infrastructure\utils\test_unified_query.py::TestUnifiedQueryIntegration::test_concurrent_query_handling
FAILED tests\unit\infrastructure\utils\test_unified_query.py::TestUnifiedQueryIntegration::test_error_handling_and_recovery
FAILED tests\unit\infrastructure\utils\test_unified_query.py::TestUnifiedQueryIntegration::test_multi_adapter_scenario
FAILED tests\unit\infrastructure\utils\test_unified_query.py::TestUnifiedQueryIntegration::test_query_timeout_handling
FAILED tests\unit\infrastructure\utils\test_unified_query.py::TestUnifiedQueryIntegration::test_query_type_validation
FAILED tests\unit\infrastructure\utils\test_unified_query.py::TestUnifiedQueryIntegration::test_resource_management
FAILED tests\unit\infrastructure\utils\test_unified_query.py::TestUnifiedQueryIntegration::test_storage_type_validation
FAILED tests\unit\infrastructure\utils\test_unyielding_50_push.py::TestAdaptersInternalMethods::test_postgresql_internal_methods
FAILED tests\unit\infrastructure\utils\test_victory_50_breakthrough.py::TestPostgreSQLAdapterCompleteMethods::test_postgresql_all_query_scenarios
FAILED tests\unit\infrastructure\utils\test_victory_50_breakthrough.py::TestPostgreSQLAdapterCompleteMethods::test_postgresql_all_write_scenarios
FAILED tests\unit\infrastructure\utils\test_victory_50_breakthrough.py::TestPostgreSQLAdapterCompleteMethods::test_postgresql_batch_write_comprehensive
FAILED tests\unit\infrastructure\utils\test_victory_50_percent.py::TestAllAdaptersConnectionStatusComplete::test_postgresql_connection_status_connected
FAILED tests\unit\infrastructure\utils\test_victory_50_percent_final.py::TestAdaptersAllMethodsCalls::test_postgresql_all_method_calls
FAILED tests\unit\infrastructure\utils\test_victory_lap_50_percent.py::TestAllAdaptersEmptyResults::test_postgresql_empty_query_result
FAILED tests\unit\infrastructure\utils\test_victory_lap_50_percent.py::TestAllAdaptersLargeDataSets::test_postgresql_large_batch_write
FAILED tests\unit\infrastructure\utils\test_victory_lap_50_percent.py::TestAllAdaptersLargeDataSets::test_postgresql_large_result_set
FAILED tests\unit\infrastructure\utils\test_victory_lap_50_percent.py::TestConnectionPoolEdgeCases::test_pool_max_size_reached
FAILED tests\unit\infrastructure\utils\test_victory_lap_50_percent.py::TestAdapterConnectionReuse::test_postgresql_multiple_queries_same_connection
FAILED tests\unit\infrastructure\utils\test_victory_push_50.py::TestMaximalAdapterCoverage::test_postgresql_maximal_coverage_round_35
